
> portfolio@0.1.0 test:run
> vitest run

The plugin "vite-tsconfig-paths" is detected. Vite now supports tsconfig paths resolution natively via the resolve.tsconfigPaths option. You can remove the plugin and set resolve.tsconfigPaths: true in your Vite config instead.

[1m[30m[46m RUN [49m[39m[22m [36mv4.1.6 [39m[90m/Users/himan/.gemini/antigravity/scratch/portfolio[39m

 [31m❯[39m __tests__/components/ShareBar.test.tsx [2m([22m[2m7 tests[22m[2m | [22m[31m7 failed[39m[2m)[22m[32m 26[2mms[22m[39m
[31m     [31m×[31m renders Share label[39m[32m 14[2mms[22m[39m
[31m     [31m×[31m renders Twitter share link[39m[32m 2[2mms[22m[39m
[31m     [31m×[31m renders LinkedIn share link[39m[32m 2[2mms[22m[39m
[31m     [31m×[31m renders Copy Link button[39m[32m 1[2mms[22m[39m
[31m     [31m×[31m copies link to clipboard on click[39m[32m 3[2mms[22m[39m
[31m     [31m×[31m shows Copied! after clicking copy[39m[32m 1[2mms[22m[39m
[31m     [31m×[31m encodes title and URL in share links[39m[32m 1[2mms[22m[39m
Not implemented: navigation to another Document
 [32m✓[39m __tests__/app/blog/page.test.tsx [2m([22m[2m9 tests[22m[2m)[22m[33m 319[2mms[22m[39m
 [31m❯[39m __tests__/components/Navbar.test.tsx [2m([22m[2m14 tests[22m[2m | [22m[31m2 failed[39m[2m)[22m[32m 215[2mms[22m[39m
     [32m✓[39m renders the logo with HS text[32m 30[2mms[22m[39m
     [32m✓[39m renders the main navigation landmark[32m 67[2mms[22m[39m
     [32m✓[39m renders all nav links[32m 17[2mms[22m[39m
[31m     [31m×[31m renders a Blog link[39m[32m 32[2mms[22m[39m
     [32m✓[39m renders mobile menu toggle button[32m 5[2mms[22m[39m
     [32m✓[39m opens mobile menu when toggle is clicked[32m 11[2mms[22m[39m
     [32m✓[39m mobile menu shows nav links when open[32m 8[2mms[22m[39m
     [32m✓[39m closes mobile menu when a link is clicked[32m 8[2mms[22m[39m
     [32m✓[39m renders scroll progress bar[32m 4[2mms[22m[39m
     [32m✓[39m renders header with banner role[32m 4[2mms[22m[39m
     [32m✓[39m updates scroll progress on scroll events[32m 5[2mms[22m[39m
     [32m✓[39m handles scroll progress when scrollHeight equals innerHeight (totalHeight is 0)[32m 3[2mms[22m[39m
[31m     [31m×[31m hides hash links when on the blog page[39m[32m 11[2mms[22m[39m
     [32m✓[39m hides hash links in mobile menu when on the blog page[32m 8[2mms[22m[39m
 [31m❯[39m __tests__/components/About.test.tsx [2m([22m[2m11 tests[22m[2m | [22m[31m2 failed[39m[2m)[22m[33m 301[2mms[22m[39m
     [32m✓[39m renders the About Me heading[32m 130[2mms[22m[39m
     [32m✓[39m has correct section aria-labelledby[32m 13[2mms[22m[39m
     [32m✓[39m renders the summary text[32m 14[2mms[22m[39m
     [32m✓[39m renders "9+" years stat[32m 9[2mms[22m[39m
     [32m✓[39m renders "400K+" users stat[32m 12[2mms[22m[39m
     [32m✓[39m renders "99.9%" uptime stat[32m 8[2mms[22m[39m
     [32m✓[39m renders WCAG 2.1 AA stat[32m 7[2mms[22m[39m
[31m     [31m×[31m renders TypeScript skill tag[39m[32m 18[2mms[22m[39m
[31m     [31m×[31m renders AWS skill tag[39m[32m 16[2mms[22m[39m
     [32m✓[39m renders Technical Toolkit heading[32m 59[2mms[22m[39m
     [32m✓[39m renders category cards for skills[32m 13[2mms[22m[39m
 [31m❯[39m __tests__/components/TableOfContents.test.tsx [2m([22m[2m5 tests[22m[2m | [22m[31m5 failed[39m[2m)[22m[32m 52[2mms[22m[39m
[31m     [31m×[31m renders nothing if less than 2 headings[39m[32m 38[2mms[22m[39m
[31m     [31m×[31m renders headings from the article[39m[32m 3[2mms[22m[39m
[31m     [31m×[31m adds auto-generated ids if missing[39m[32m 4[2mms[22m[39m
[31m     [31m×[31m renders mobile toggle button[39m[32m 2[2mms[22m[39m
[31m     [31m×[31m toggles TOC on mobile[39m[32m 2[2mms[22m[39m
 [31m❯[39m __tests__/components/BlogPageClient.test.tsx [2m([22m[2m5 tests[22m[2m | [22m[31m1 failed[39m[2m)[22m[32m 271[2mms[22m[39m
     [32m✓[39m renders all posts initially[32m 80[2mms[22m[39m
     [32m✓[39m renders tag filter buttons[32m 125[2mms[22m[39m
     [32m✓[39m filters posts when a tag is clicked[32m 25[2mms[22m[39m
[31m     [31m×[31m shows empty state if no posts match tag (edge case)[39m[32m 33[2mms[22m[39m
     [32m✓[39m shows generic empty state if no posts at all[32m 6[2mms[22m[39m
 [31m❯[39m __tests__/app/blog/slug.test.tsx [2m([22m[2m16 tests[22m[2m | [22m[31m11 failed[39m[2m)[22m[33m 653[2mms[22m[39m
[31m     [31m×[31m renders the post title[39m[33m 532[2mms[22m[39m
[31m     [31m×[31m renders the MDX content[39m[32m 6[2mms[22m[39m
[31m     [31m×[31m renders the post tags[39m[32m 14[2mms[22m[39m
[31m     [31m×[31m renders the read time[39m[32m 37[2mms[22m[39m
[31m     [31m×[31m renders back to all posts link[39m[32m 7[2mms[22m[39m
[31m     [31m×[31m renders cover image when provided[39m[32m 4[2mms[22m[39m
[31m     [31m×[31m renders related posts when available[39m[32m 4[2mms[22m[39m
     [32m✓[39m calls notFound when post does not exist[32m 1[2mms[22m[39m
     [32m✓[39m generateStaticParams returns slugs from getPostSlugs[32m 1[2mms[22m[39m
     [32m✓[39m generateMetadata returns correct metadata for valid post[32m 0[2mms[22m[39m
     [32m✓[39m generateMetadata returns Not Found title when post does not exist[32m 0[2mms[22m[39m
[31m     [31m×[31m renders custom image elements inside MDXRemote with correct paths[39m[32m 4[2mms[22m[39m
     [32m✓[39m generateMetadata returns empty images array when coverImage is not present[32m 0[2mms[22m[39m
[31m     [31m×[31m renders author card at the bottom[39m[32m 5[2mms[22m[39m
[31m     [31m×[31m renders share bar[39m[32m 4[2mms[22m[39m
[31m     [31m×[31m renders series navigation when post is part of a series[39m[32m 32[2mms[22m[39m
 [31m❯[39m __tests__/lib/constants.test.ts [2m([22m[2m30 tests[22m[2m | [22m[31m1 failed[39m[2m)[22m[32m 10[2mms[22m[39m
     [32m✓[39m has the correct name[32m 1[2mms[22m[39m
     [32m✓[39m has a valid email address[32m 0[2mms[22m[39m
     [32m✓[39m has a LinkedIn URL[32m 0[2mms[22m[39m
     [32m✓[39m has a GitHub URL[32m 0[2mms[22m[39m
     [32m✓[39m has a non-empty summary[32m 0[2mms[22m[39m
     [32m✓[39m has a title[32m 0[2mms[22m[39m
     [32m✓[39m has at least 5 experience items[32m 0[2mms[22m[39m
     [32m✓[39m each item has required fields[32m 0[2mms[22m[39m
     [32m✓[39m first item is the most recent (Incubyte)[32m 0[2mms[22m[39m
     [32m✓[39m most recent item has no endDate of "present"[32m 0[2mms[22m[39m
     [32m✓[39m non-current items have proper endDate format[32m 0[2mms[22m[39m
     [32m✓[39m has exactly 7 skill categories[32m 0[2mms[22m[39m
     [32m✓[39m each category has required fields[32m 0[2mms[22m[39m
     [32m✓[39m includes TypeScript in Languages category[32m 0[2mms[22m[39m
     [32m✓[39m includes AWS in Cloud & DevOps category[32m 0[2mms[22m[39m
     [32m✓[39m includes AI Engineering category[32m 0[2mms[22m[39m
     [32m✓[39m has exactly 3 projects[32m 0[2mms[22m[39m
     [32m✓[39m each project has required fields[32m 0[2mms[22m[39m
     [32m✓[39m contains Credit Repair CRM[32m 0[2mms[22m[39m
     [32m✓[39m contains MarketDojo[32m 0[2mms[22m[39m
     [32m✓[39m contains TourneyBot / Manager[32m 0[2mms[22m[39m
     [32m✓[39m has exactly 3 education items[32m 0[2mms[22m[39m
     [32m✓[39m each item has a degree and institution[32m 0[2mms[22m[39m
     [32m✓[39m first item is the bachelor degree from RGPV[32m 0[2mms[22m[39m
     [32m✓[39m has exactly 4 stats[32m 0[2mms[22m[39m
     [32m✓[39m contains years experience[32m 0[2mms[22m[39m
     [32m✓[39m contains users served stat[32m 0[2mms[22m[39m
     [32m✓[39m has nav links defined[32m 0[2mms[22m[39m
     [32m✓[39m each link has label and href[32m 0[2mms[22m[39m
[31m     [31m×[31m contains a Blog link[39m[32m 4[2mms[22m[39m
 [32m✓[39m __tests__/components/Projects.test.tsx [2m([22m[2m11 tests[22m[2m)[22m[32m 254[2mms[22m[39m
 [32m✓[39m __tests__/components/Footer.test.tsx [2m([22m[2m10 tests[22m[2m)[22m[32m 297[2mms[22m[39m
 [32m✓[39m __tests__/components/Experience.test.tsx [2m([22m[2m12 tests[22m[2m)[22m[33m 393[2mms[22m[39m
 [32m✓[39m __tests__/components/Contact.test.tsx [2m([22m[2m9 tests[22m[2m)[22m[32m 287[2mms[22m[39m
 [32m✓[39m __tests__/components/AuthorCard.test.tsx [2m([22m[2m7 tests[22m[2m)[22m[32m 192[2mms[22m[39m
 [32m✓[39m __tests__/components/LatestPosts.test.tsx [2m([22m[2m8 tests[22m[2m)[22m[32m 289[2mms[22m[39m
 [32m✓[39m __tests__/components/Hero.test.tsx [2m([22m[2m12 tests[22m[2m)[22m[33m 362[2mms[22m[39m
 [32m✓[39m __tests__/components/GlassCard.test.tsx [2m([22m[2m10 tests[22m[2m)[22m[32m 127[2mms[22m[39m
 [32m✓[39m __tests__/components/SectionHeading.test.tsx [2m([22m[2m11 tests[22m[2m)[22m[32m 134[2mms[22m[39m
 [32m✓[39m __tests__/components/FeaturedPost.test.tsx [2m([22m[2m10 tests[22m[2m)[22m[32m 194[2mms[22m[39m
 [32m✓[39m __tests__/lib/blog.test.ts [2m([22m[2m22 tests[22m[2m)[22m[32m 44[2mms[22m[39m
 [32m✓[39m __tests__/components/AnimatedBackground.test.tsx [2m([22m[2m5 tests[22m[2m)[22m[32m 35[2mms[22m[39m
 [32m✓[39m __tests__/app/page.test.tsx [2m([22m[2m2 tests[22m[2m)[22m[32m 29[2mms[22m[39m
 [32m✓[39m __tests__/components/ScrollReveal.test.tsx [2m([22m[2m9 tests[22m[2m)[22m[32m 90[2mms[22m[39m

[31m⎯⎯⎯⎯⎯⎯[39m[1m[41m Failed Tests 29 [49m[22m[31m⎯⎯⎯⎯⎯⎯⎯[39m

[41m[1m FAIL [22m[49m __tests__/components/About.test.tsx[2m > [22mAbout[2m > [22mrenders TypeScript skill tag
[31m[1mTestingLibraryElementError[22m[39m: Found multiple elements with the text: TypeScript

Here are the matching elements:

Ignored nodes: comments, script, style
[36m<span[39m
  [33mclass[39m=[32m"tag"[39m
[36m>[39m
  [0mTypeScript[0m
[36m</span>[39m

Ignored nodes: comments, script, style
[36m<span[39m
  [33mclass[39m=[32m"tag text-xs"[39m
[36m>[39m
  [0mTypeScript[0m
[36m</span>[39m

(If this is intentional, then use the `*AllBy*` variant of the query (like `queryAllByText`, `getAllByText`, or `findAllByText`)).

Ignored nodes: comments, script, style
[36m<body>[39m
  [36m<div>[39m
    [36m<section[39m
      [33maria-labelledby[39m=[32m"about-heading"[39m
      [33mclass[39m=[32m"section"[39m
      [33mid[39m=[32m"about"[39m
    [36m>[39m
      [36m<div[39m
        [33mclass[39m=[32m"mb-12 text-center"[39m
        [33mid[39m=[32m"about-heading"[39m
      [36m>[39m
        [36m<h2[39m
          [33mclass[39m=[32m"gradient-text text-4xl md:text-5xl font-bold mb-4"[39m
        [36m>[39m
          [0mAbout Me[0m
        [36m</h2>[39m
        [36m<p[39m
          [33mclass[39m=[32m"text-text-secondary text-lg max-w-2xl mx-auto"[39m
        [36m>[39m
          [0mEngineer, leader, and builder — driven by impact at scale.[0m
        [36m</p>[39m
        [36m<div[39m
          [33maria-hidden[39m=[32m"true"[39m
          [33mclass[39m=[32m"mt-4 h-0.5 w-16 bg-gradient-to-r from-accent-blue via-accent-purple to-accent-pink rounded-full mx-auto"[39m
        [36m/>[39m
      [36m</div>[39m
      [36m<div[39m
        [33mclass[39m=[32m"grid grid-cols-1 lg:grid-cols-2 gap-12 items-center mb-16"[39m
      [36m>[39m
        [36m<div[39m
          [33mclass[39m=[32m""[39m
        [36m>[39m
          [36m<div[39m
            [33mclass[39m=[32m"glass  p-8"[39m
          [36m>[39m
            [36m<p[39m
              [33mclass[39m=[32m"text-text-secondary leading-relaxed mb-6"[39m
            [36m>[39m
              [0mSenior Full Stack Engineer and startup technology leader with 9+ years of experience building and scaling fintech, SaaS, and cloud-native platforms. Deep expertise in Node.js, React, TypeScript, Python, AWS, microservices, CI/CD automation, accessibility engineering, and AI-assisted developer workflows. Proven track record of architecting systems that scaled to 400k+ users, improving deployment speed by 50%, driving WCAG 2.1 AA compliance, and applying agentic engineering automation to improve code quality, developer productivity, and operational efficiency.[0m
            [36m</p>[39m
            [36m<div[39m
              [33mclass[39m=[32m"flex flex-wrap gap-3"[39m
            [36m>[39m
              [36m<span[39m
                [33mclass[39m=[32m"tag"[39m
              [36m>[39m
                [0mNode.js[0m
              [36m</span>[39m
              [36m<span[39m
                [33mclass[39m=[32m"tag"[39m
              [36m>[39m
                [0mReact[0m
              [36m</span>[39m
              [36m<span[39m
                [33mclass[39m=[32m"tag"[39m
              [36m>[39m
                [0mTypeScript[0m
              [36m</span>[39m
              [36m<span[39m
                [33mclass[39m=[32m"tag"[39m
              [36m>[39m
                [0mAWS[0m
              [36m</span>[39m
              [36m<span[39m
                [33mclass[39m=[32m"tag"[39m
              [36m>[39m
                [0mPython[0m
              [36m</span>[39m
              [36m<span[39m
                [33mclass[39m=[32m"tag"[39m
              [36m>[39m
                [0mCI/CD[0m
              [36m</span>[39m
            [36m</div>[39m
          [36m</div>[39m
        [36m</div>[39m
        [36m<div[39m
          [33mclass[39m=[32m""[39m
        [36m>[39m
          [36m<div[39m
            [33mclass[39m=[32m"grid grid-cols-2 gap-4"[39m
          [36m>[39m
            [36m<div[39m
              [33mclass[39m=[32m""[39m
            [36m>[39m
              [36m<div[39m
                [33mclass[39m=[32m"glass transition-all duration-300 hover:border-glass-border-hover cursor-pointer p-6 text-center"[39m
              [36m>[39m
                [36m<svg[39m
                  [33maria-hidden[39m=[32m"true"[39m
                  [33mclass[39m=[32m"lucide lucide-calendar w-7 h-7 text-accent-blue mx-auto mb-3"[39m
                  [33mfill[39m=[32m"none"[39m
                  [33mheight[39m=[32m"24"[39m
                  [33mstroke[39m=[32m"currentColor"[39m
                  [33mstroke-linecap[39m=[32m"round"[39m
                  [33mstroke-linejoin[39m=[32m"round"[39m
                  [33mstroke-width[39m=[32m"2"[39m
                  [33mviewBox[39m=[32m"0 0 24 24"[39m
                  [33mwidth[39m=[32m"24"[39m
                  [33mxmlns[39m=[32m"http://www.w3.org/2000/svg"[39m
                [36m>[39m
                  [36m<path[39m
                    [33md[39m=[32m"M8 2v4"[39m
                  [36m/>[39m
                  [36m<path[39m
                    [33md[39m=[32m"M16 2v4"[39m
                  [36m/>[39m
                  [36m<rect[39m
                    [33mheight[39m=[32m"18"[39m
                    [33mrx[39m=[32m"2"[39m
                    [33mwidth[39m=[32m"18"[39m
                    [33mx[39m=[32m"3"[39m
                    [33my[39m=[32m"4"[39m
                  [36m/>[39m
                  [36m<path[39m
                    [33md[39m=[32m"M3 10h18"[39m
                  [36m/>[39m
                [36m</svg>[39m
                [36m<p[39m
                  [33mclass[39m=[32m"gradient-text text-2xl font-bold mb-1"[39m
                [36m>[39m
                  [0m9+[0m
                [36m</p>[39m
                [36m<p[39m
                  [33mclass[39m=[32m"text-text-secondary text-xs"[39m
                [36m>[39m
                  [0mYears Experience[0m
                [36m</p>[39m
              [36m</div>[39m
            [36m</div>[39m
            [36m<div[39m
              [33mclass[39m=[32m""[39m
            [36m>[39m
              [36m<div[39m
                [33mclass[39m=[32m"glass transition-all duration-300 hover:border-glass-border-hover cursor-pointer p-6 text-center"[39m
              [36m>[39m
                [36m<svg[39m
                  [33maria-hidden[39m=[32m"true"[39m
                  [33mclass[39m=[32m"lucide lucide-users w-7 h-7 text-accent-blue mx-auto mb-3"[39m
                  [33mfill[39m=[32m"none"[39m
                  [33mheight[39m=[32m"24"[39m
                  [33mstroke[39m=[32m"currentColor"[39m
                  [33mstroke-linecap[39m=[32m"round"[39m
                  [33mstroke-linejoin[39m=[32m"round"[39m
                  [33mstroke-width[39m=[32m"2"[39m
                  [33mviewBox[39m=[32m"0 0 24 24"[39m
                  [33mwidth[39m=[32m"24"[39m
                  [33mxmlns[39m=[32m"http://www.w3.org/2000/svg"[39m
                [36m>[39m
                  [36m<path[39m
                    [33md[39m=[32m"M16 21v-2a4 4 0 0 0-4-4H6a4 4 0 0 0-4 4v2"[39m
                  [36m/>[39m
                  [36m<path[39m
                    [33md[39m=[32m"M16 3.128a4 4 0 0 1 0 7.744"[39m
                  [36m/>[39m
                  [36m<path[39m...
[90m [2m❯[22m Object.getElementError node_modules/@testing-library/dom/dist/config.js:[2m37:19[22m[39m
[90m [2m❯[22m getElementError node_modules/@testing-library/dom/dist/query-helpers.js:[2m20:35[22m[39m
[90m [2m❯[22m getMultipleElementsFoundError node_modules/@testing-library/dom/dist/query-helpers.js:[2m23:10[22m[39m
[90m [2m❯[22m node_modules/@testing-library/dom/dist/query-helpers.js:[2m55:13[22m[39m
[90m [2m❯[22m node_modules/@testing-library/dom/dist/query-helpers.js:[2m95:19[22m[39m
[36m [2m❯[22m __tests__/components/About.test.tsx:[2m44:19[22m[39m
    [90m 42|[39m   [34mit[39m([32m'renders TypeScript skill tag'[39m[33m,[39m () [33m=>[39m {
    [90m 43|[39m     [34mrender[39m([33m<[39m[33mAbout[39m [33m/[39m[33m>[39m)
    [90m 44|[39m     [34mexpect[39m(screen[33m.[39m[34mgetByText[39m([32m'TypeScript'[39m))[33m.[39m[34mtoBeInTheDocument[39m()
    [90m   |[39m                   [31m^[39m
    [90m 45|[39m   })
    [90m 46|[39m

[31m[2m⎯⎯⎯⎯⎯⎯⎯⎯⎯⎯⎯⎯⎯⎯⎯⎯⎯⎯⎯⎯⎯⎯⎯[1/29]⎯[22m[39m

[41m[1m FAIL [22m[49m __tests__/components/About.test.tsx[2m > [22mAbout[2m > [22mrenders AWS skill tag
[31m[1mTestingLibraryElementError[22m[39m: Found multiple elements with the text: AWS

Here are the matching elements:

Ignored nodes: comments, script, style
[36m<span[39m
  [33mclass[39m=[32m"tag"[39m
[36m>[39m
  [0mAWS[0m
[36m</span>[39m

Ignored nodes: comments, script, style
[36m<span[39m
  [33mclass[39m=[32m"tag text-xs"[39m
[36m>[39m
  [0mAWS[0m
[36m</span>[39m

(If this is intentional, then use the `*AllBy*` variant of the query (like `queryAllByText`, `getAllByText`, or `findAllByText`)).

Ignored nodes: comments, script, style
[36m<body>[39m
  [36m<div>[39m
    [36m<section[39m
      [33maria-labelledby[39m=[32m"about-heading"[39m
      [33mclass[39m=[32m"section"[39m
      [33mid[39m=[32m"about"[39m
    [36m>[39m
      [36m<div[39m
        [33mclass[39m=[32m"mb-12 text-center"[39m
        [33mid[39m=[32m"about-heading"[39m
      [36m>[39m
        [36m<h2[39m
          [33mclass[39m=[32m"gradient-text text-4xl md:text-5xl font-bold mb-4"[39m
        [36m>[39m
          [0mAbout Me[0m
        [36m</h2>[39m
        [36m<p[39m
          [33mclass[39m=[32m"text-text-secondary text-lg max-w-2xl mx-auto"[39m
        [36m>[39m
          [0mEngineer, leader, and builder — driven by impact at scale.[0m
        [36m</p>[39m
        [36m<div[39m
          [33maria-hidden[39m=[32m"true"[39m
          [33mclass[39m=[32m"mt-4 h-0.5 w-16 bg-gradient-to-r from-accent-blue via-accent-purple to-accent-pink rounded-full mx-auto"[39m
        [36m/>[39m
      [36m</div>[39m
      [36m<div[39m
        [33mclass[39m=[32m"grid grid-cols-1 lg:grid-cols-2 gap-12 items-center mb-16"[39m
      [36m>[39m
        [36m<div[39m
          [33mclass[39m=[32m""[39m
        [36m>[39m
          [36m<div[39m
            [33mclass[39m=[32m"glass  p-8"[39m
          [36m>[39m
            [36m<p[39m
              [33mclass[39m=[32m"text-text-secondary leading-relaxed mb-6"[39m
            [36m>[39m
              [0mSenior Full Stack Engineer and startup technology leader with 9+ years of experience building and scaling fintech, SaaS, and cloud-native platforms. Deep expertise in Node.js, React, TypeScript, Python, AWS, microservices, CI/CD automation, accessibility engineering, and AI-assisted developer workflows. Proven track record of architecting systems that scaled to 400k+ users, improving deployment speed by 50%, driving WCAG 2.1 AA compliance, and applying agentic engineering automation to improve code quality, developer productivity, and operational efficiency.[0m
            [36m</p>[39m
            [36m<div[39m
              [33mclass[39m=[32m"flex flex-wrap gap-3"[39m
            [36m>[39m
              [36m<span[39m
                [33mclass[39m=[32m"tag"[39m
              [36m>[39m
                [0mNode.js[0m
              [36m</span>[39m
              [36m<span[39m
                [33mclass[39m=[32m"tag"[39m
              [36m>[39m
                [0mReact[0m
              [36m</span>[39m
              [36m<span[39m
                [33mclass[39m=[32m"tag"[39m
              [36m>[39m
                [0mTypeScript[0m
              [36m</span>[39m
              [36m<span[39m
                [33mclass[39m=[32m"tag"[39m
              [36m>[39m
                [0mAWS[0m
              [36m</span>[39m
              [36m<span[39m
                [33mclass[39m=[32m"tag"[39m
              [36m>[39m
                [0mPython[0m
              [36m</span>[39m
              [36m<span[39m
                [33mclass[39m=[32m"tag"[39m
              [36m>[39m
                [0mCI/CD[0m
              [36m</span>[39m
            [36m</div>[39m
          [36m</div>[39m
        [36m</div>[39m
        [36m<div[39m
          [33mclass[39m=[32m""[39m
        [36m>[39m
          [36m<div[39m
            [33mclass[39m=[32m"grid grid-cols-2 gap-4"[39m
          [36m>[39m
            [36m<div[39m
              [33mclass[39m=[32m""[39m
            [36m>[39m
              [36m<div[39m
                [33mclass[39m=[32m"glass transition-all duration-300 hover:border-glass-border-hover cursor-pointer p-6 text-center"[39m
              [36m>[39m
                [36m<svg[39m
                  [33maria-hidden[39m=[32m"true"[39m
                  [33mclass[39m=[32m"lucide lucide-calendar w-7 h-7 text-accent-blue mx-auto mb-3"[39m
                  [33mfill[39m=[32m"none"[39m
                  [33mheight[39m=[32m"24"[39m
                  [33mstroke[39m=[32m"currentColor"[39m
                  [33mstroke-linecap[39m=[32m"round"[39m
                  [33mstroke-linejoin[39m=[32m"round"[39m
                  [33mstroke-width[39m=[32m"2"[39m
                  [33mviewBox[39m=[32m"0 0 24 24"[39m
                  [33mwidth[39m=[32m"24"[39m
                  [33mxmlns[39m=[32m"http://www.w3.org/2000/svg"[39m
                [36m>[39m
                  [36m<path[39m
                    [33md[39m=[32m"M8 2v4"[39m
                  [36m/>[39m
                  [36m<path[39m
                    [33md[39m=[32m"M16 2v4"[39m
                  [36m/>[39m
                  [36m<rect[39m
                    [33mheight[39m=[32m"18"[39m
                    [33mrx[39m=[32m"2"[39m
                    [33mwidth[39m=[32m"18"[39m
                    [33mx[39m=[32m"3"[39m
                    [33my[39m=[32m"4"[39m
                  [36m/>[39m
                  [36m<path[39m
                    [33md[39m=[32m"M3 10h18"[39m
                  [36m/>[39m
                [36m</svg>[39m
                [36m<p[39m
                  [33mclass[39m=[32m"gradient-text text-2xl font-bold mb-1"[39m
                [36m>[39m
                  [0m9+[0m
                [36m</p>[39m
                [36m<p[39m
                  [33mclass[39m=[32m"text-text-secondary text-xs"[39m
                [36m>[39m
                  [0mYears Experience[0m
                [36m</p>[39m
              [36m</div>[39m
            [36m</div>[39m
            [36m<div[39m
              [33mclass[39m=[32m""[39m
            [36m>[39m
              [36m<div[39m
                [33mclass[39m=[32m"glass transition-all duration-300 hover:border-glass-border-hover cursor-pointer p-6 text-center"[39m
              [36m>[39m
                [36m<svg[39m
                  [33maria-hidden[39m=[32m"true"[39m
                  [33mclass[39m=[32m"lucide lucide-users w-7 h-7 text-accent-blue mx-auto mb-3"[39m
                  [33mfill[39m=[32m"none"[39m
                  [33mheight[39m=[32m"24"[39m
                  [33mstroke[39m=[32m"currentColor"[39m
                  [33mstroke-linecap[39m=[32m"round"[39m
                  [33mstroke-linejoin[39m=[32m"round"[39m
                  [33mstroke-width[39m=[32m"2"[39m
                  [33mviewBox[39m=[32m"0 0 24 24"[39m
                  [33mwidth[39m=[32m"24"[39m
                  [33mxmlns[39m=[32m"http://www.w3.org/2000/svg"[39m
                [36m>[39m
                  [36m<path[39m
                    [33md[39m=[32m"M16 21v-2a4 4 0 0 0-4-4H6a4 4 0 0 0-4 4v2"[39m
                  [36m/>[39m
                  [36m<path[39m
                    [33md[39m=[32m"M16 3.128a4 4 0 0 1 0 7.744"[39m
                  [36m/>[39m
                  [36m<path[39m...
[90m [2m❯[22m Object.getElementError node_modules/@testing-library/dom/dist/config.js:[2m37:19[22m[39m
[90m [2m❯[22m getElementError node_modules/@testing-library/dom/dist/query-helpers.js:[2m20:35[22m[39m
[90m [2m❯[22m getMultipleElementsFoundError node_modules/@testing-library/dom/dist/query-helpers.js:[2m23:10[22m[39m
[90m [2m❯[22m node_modules/@testing-library/dom/dist/query-helpers.js:[2m55:13[22m[39m
[90m [2m❯[22m node_modules/@testing-library/dom/dist/query-helpers.js:[2m95:19[22m[39m
[36m [2m❯[22m __tests__/components/About.test.tsx:[2m49:19[22m[39m
    [90m 47|[39m   [34mit[39m([32m'renders AWS skill tag'[39m[33m,[39m () [33m=>[39m {
    [90m 48|[39m     [34mrender[39m([33m<[39m[33mAbout[39m [33m/[39m[33m>[39m)
    [90m 49|[39m     [34mexpect[39m(screen[33m.[39m[34mgetByText[39m([32m'AWS'[39m))[33m.[39m[34mtoBeInTheDocument[39m()
    [90m   |[39m                   [31m^[39m
    [90m 50|[39m   })
    [90m 51|[39m

[31m[2m⎯⎯⎯⎯⎯⎯⎯⎯⎯⎯⎯⎯⎯⎯⎯⎯⎯⎯⎯⎯⎯⎯⎯[2/29]⎯[22m[39m

[41m[1m FAIL [22m[49m __tests__/components/BlogPageClient.test.tsx[2m > [22mBlogPageClient[2m > [22mshows empty state if no posts match tag (edge case)
[31m[1mTestingLibraryElementError[22m: Unable to find an accessible element with the role "button" and name `/clear filter/i`

Here are the accessible roles:

  group:

  Name "Filter posts by tag":
  [36m<div[31m
    [33maria-label[31m=[32m"Filter posts by tag"[31m
    [33mclass[31m=[32m"flex items-center gap-2 flex-wrap mb-8"[31m
    [33mrole[31m=[32m"group"[31m
  [36m/>[31m

  --------------------------------------------------
  button:

  Name "All":
  [36m<button[31m
    [33maria-pressed[31m=[32m"false"[31m
    [33mclass[31m=[32m"tag text-xs cursor-pointer transition-all "[31m
  [36m/>[31m

  Name "react":
  [36m<button[31m
    [33maria-pressed[31m=[32m"false"[31m
    [33mclass[31m=[32m"tag text-xs cursor-pointer transition-all "[31m
  [36m/>[31m

  Name "nonexistent":
  [36m<button[31m
    [33maria-pressed[31m=[32m"true"[31m
    [33mclass[31m=[32m"tag text-xs cursor-pointer transition-all bg-accent-blue/20 border-accent-blue/50 text-accent-blue"[31m
  [36m/>[31m

  Name "Clear tag filter":
  [36m<button[31m
    [33maria-label[31m=[32m"Clear tag filter"[31m
    [33mclass[31m=[32m"btn-outline mt-6 inline-flex items-center gap-2"[31m
  [36m/>[31m

  --------------------------------------------------
  paragraph:

  Name "":
  [36m<p[31m
    [33mclass[31m=[32m"text-text-secondary text-lg"[31m
  [36m/>[31m

  --------------------------------------------------

Ignored nodes: comments, script, style
[36m<body>[31m
  [36m<div>[31m
    [36m<div[31m
      [33maria-label[31m=[32m"Filter posts by tag"[31m
      [33mclass[31m=[32m"flex items-center gap-2 flex-wrap mb-8"[31m
      [33mrole[31m=[32m"group"[31m
    [36m>[31m
      [36m<button[31m
        [33maria-pressed[31m=[32m"false"[31m
        [33mclass[31m=[32m"tag text-xs cursor-pointer transition-all "[31m
      [36m>[31m
        [0mAll[0m
      [36m</button>[31m
      [36m<button[31m
        [33maria-pressed[31m=[32m"false"[31m
        [33mclass[31m=[32m"tag text-xs cursor-pointer transition-all "[31m
      [36m>[31m
        [0mreact[0m
      [36m</button>[31m
      [36m<button[31m
        [33maria-pressed[31m=[32m"true"[31m
        [33mclass[31m=[32m"tag text-xs cursor-pointer transition-all bg-accent-blue/20 border-accent-blue/50 text-accent-blue"[31m
      [36m>[31m
        [0mnonexistent[0m
      [36m</button>[31m
    [36m</div>[31m
    [36m<div[31m
      [33mclass[31m=[32m"flex items-center gap-2 text-text-muted text-sm mb-8"[31m
    [36m>[31m
      [36m<svg[31m
        [33maria-hidden[31m=[32m"true"[31m
        [33mclass[31m=[32m"lucide lucide-file-text w-4 h-4"[31m
        [33mfill[31m=[32m"none"[31m
        [33mheight[31m=[32m"24"[31m
        [33mstroke[31m=[32m"currentColor"[31m
        [33mstroke-linecap[31m=[32m"round"[31m
        [33mstroke-linejoin[31m=[32m"round"[31m
        [33mstroke-width[31m=[32m"2"[31m
        [33mviewBox[31m=[32m"0 0 24 24"[31m
        [33mwidth[31m=[32m"24"[31m
        [33mxmlns[31m=[32m"http://www.w3.org/2000/svg"[31m
      [36m>[31m
        [36m<path[31m
          [33md[31m=[32m"M6 22a2 2 0 0 1-2-2V4a2 2 0 0 1 2-2h8a2.4 2.4 0 0 1 1.704.706l3.588 3.588A2.4 2.4 0 0 1 20 8v12a2 2 0 0 1-2 2z"[31m
        [36m/>[31m
        [36m<path[31m
          [33md[31m=[32m"M14 2v5a1 1 0 0 0 1 1h5"[31m
        [36m/>[31m
        [36m<path[31m
          [33md[31m=[32m"M10 9H8"[31m
        [36m/>[31m
        [36m<path[31m
          [33md[31m=[32m"M16 13H8"[31m
        [36m/>[31m
        [36m<path[31m
          [33md[31m=[32m"M16 17H8"[31m
        [36m/>[31m
      [36m</svg>[31m
      [36m<span>[31m
        [0m0[0m
        [0m [0m
        [0marticles[0m
      [36m</span>[31m
      [36m<span[31m
        [33mclass[31m=[32m"text-text-muted"[31m
      [36m>[31m
        [0mtagged [0m
        [36m<span[31m
          [33mclass[31m=[32m"text-accent-blue"[31m
        [36m>[31m
          [0mnonexistent[0m
        [36m</span>[31m
      [36m</span>[31m
    [36m</div>[31m
    [36m<div[31m
      [33mclass[31m=[32m"text-center py-20"[31m
    [36m>[31m
      [36m<p[31m
        [33mclass[31m=[32m"text-text-secondary text-lg"[31m
      [36m>[31m
        [0mNo posts tagged "nonexistent".[0m
      [36m</p>[31m
      [36m<button[31m
        [33maria-label[31m=[32m"Clear tag filter"[31m
        [33mclass[31m=[32m"btn-outline mt-6 inline-flex items-center gap-2"[31m
      [36m>[31m
        [0mClear Filter[0m
      [36m</button>[31m
    [36m</div>[31m
  [36m</div>[31m
[36m</body>[31m[39m
[90m [2m❯[22m Object.getElementError node_modules/@testing-library/dom/dist/config.js:[2m37:19[22m[39m
[90m [2m❯[22m node_modules/@testing-library/dom/dist/query-helpers.js:[2m76:38[22m[39m
[90m [2m❯[22m node_modules/@testing-library/dom/dist/query-helpers.js:[2m52:17[22m[39m
[90m [2m❯[22m node_modules/@testing-library/dom/dist/query-helpers.js:[2m95:19[22m[39m
[36m [2m❯[22m __tests__/components/BlogPageClient.test.tsx:[2m67:19[22m[39m
    [90m 65|[39m
    [90m 66|[39m     expect(screen.getByText(/No posts tagged "nonexistent"/i)).toBeInT…
    [90m 67|[39m     expect(screen.getByRole('button', { name: /clear filter/i })).toBe…
    [90m   |[39m                   [31m^[39m
    [90m 68|[39m   })
    [90m 69|[39m

[31m[2m⎯⎯⎯⎯⎯⎯⎯⎯⎯⎯⎯⎯⎯⎯⎯⎯⎯⎯⎯⎯⎯⎯⎯[3/29]⎯[22m[39m

[41m[1m FAIL [22m[49m __tests__/components/Navbar.test.tsx[2m > [22mNavbar[2m > [22mrenders a Blog link
[31m[1mTestingLibraryElementError[22m[39m: Unable to find an accessible element with the role "link" and name `/blog/i`

Here are the accessible roles:

  progressbar:

  Name "Page scroll progress":
  [36m<div[39m
    [33maria-label[39m=[32m"Page scroll progress"[39m
    [33maria-valuemax[39m=[32m"100"[39m
    [33maria-valuemin[39m=[32m"0"[39m
    [33maria-valuenow[39m=[32m"0"[39m
    [33mclass[39m=[32m"fixed top-0 left-0 h-0.5 bg-gradient-to-r from-accent-blue via-accent-purple to-accent-pink z-50 transition-all duration-100"[39m
    [33mrole[39m=[32m"progressbar"[39m
    [33mstyle[39m=[32m"width: 0%;"[39m
  [36m/>[39m

  --------------------------------------------------
  banner:

  Name "":
  [36m<header[39m
    [33mclass[39m=[32m"fixed top-0 left-0 right-0 z-40 transition-all duration-300 bg-transparent"[39m
    [33mrole[39m=[32m"banner"[39m
  [36m/>[39m

  --------------------------------------------------
  navigation:

  Name "Main navigation":
  [36m<nav[39m
    [33maria-label[39m=[32m"Main navigation"[39m
    [33mclass[39m=[32m"max-w-6xl mx-auto px-4 h-16 flex items-center justify-between"[39m
  [36m/>[39m

  --------------------------------------------------
  link:

  Name "Himanshu Shrivastava — home":
  [36m<a[39m
    [33maria-label[39m=[32m"Himanshu Shrivastava — home"[39m
    [33mclass[39m=[32m"flex items-center gap-2 text-text-primary font-bold text-lg hover:text-accent-blue transition-colors"[39m
    [33mhref[39m=[32m"/"[39m
  [36m/>[39m

  Name "Writing":
  [36m<a[39m
    [33mclass[39m=[32m"text-sm font-medium transition-colors hover:text-accent-blue text-text-secondary"[39m
    [33mhref[39m=[32m"/blog"[39m
  [36m/>[39m

  Name "About":
  [36m<a[39m
    [33mclass[39m=[32m"text-sm font-medium transition-colors hover:text-accent-blue text-text-secondary"[39m
    [33mhref[39m=[32m"#about"[39m
  [36m/>[39m

  Name "Experience":
  [36m<a[39m
    [33mclass[39m=[32m"text-sm font-medium transition-colors hover:text-accent-blue text-text-secondary"[39m
    [33mhref[39m=[32m"#experience"[39m
  [36m/>[39m

  Name "Projects":
  [36m<a[39m
    [33mclass[39m=[32m"text-sm font-medium transition-colors hover:text-accent-blue text-text-secondary"[39m
    [33mhref[39m=[32m"#projects"[39m
  [36m/>[39m

  Name "Contact":
  [36m<a[39m
    [33mclass[39m=[32m"text-sm font-medium transition-colors hover:text-accent-blue text-text-secondary"[39m
    [33mhref[39m=[32m"#contact"[39m
  [36m/>[39m

  --------------------------------------------------
  list:

  Name "":
  [36m<ul[39m
    [33mclass[39m=[32m"hidden md:flex items-center gap-6"[39m
    [33mrole[39m=[32m"list"[39m
  [36m/>[39m

  --------------------------------------------------
  listitem:

  Name "":
  [36m<li />[39m

  Name "":
  [36m<li />[39m

  Name "":
  [36m<li />[39m

  Name "":
  [36m<li />[39m

  Name "":
  [36m<li />[39m

  --------------------------------------------------
  button:

  Name "Open menu":
  [36m<button[39m
    [33maria-controls[39m=[32m"mobile-menu"[39m
    [33maria-expanded[39m=[32m"false"[39m
    [33maria-label[39m=[32m"Open menu"[39m
    [33mclass[39m=[32m"md:hidden text-text-secondary hover:text-text-primary transition-colors p-2"[39m
  [36m/>[39m

  --------------------------------------------------

Ignored nodes: comments, script, style
[36m<body>[39m
  [36m<div>[39m
    [36m<div[39m
      [33maria-label[39m=[32m"Page scroll progress"[39m
      [33maria-valuemax[39m=[32m"100"[39m
      [33maria-valuemin[39m=[32m"0"[39m
      [33maria-valuenow[39m=[32m"0"[39m
      [33mclass[39m=[32m"fixed top-0 left-0 h-0.5 bg-gradient-to-r from-accent-blue via-accent-purple to-accent-pink z-50 transition-all duration-100"[39m
      [33mrole[39m=[32m"progressbar"[39m
      [33mstyle[39m=[32m"width: 0%;"[39m
    [36m/>[39m
    [36m<header[39m
      [33mclass[39m=[32m"fixed top-0 left-0 right-0 z-40 transition-all duration-300 bg-transparent"[39m
      [33mrole[39m=[32m"banner"[39m
    [36m>[39m
      [36m<nav[39m
        [33maria-label[39m=[32m"Main navigation"[39m
        [33mclass[39m=[32m"max-w-6xl mx-auto px-4 h-16 flex items-center justify-between"[39m
      [36m>[39m
        [36m<a[39m
          [33maria-label[39m=[32m"Himanshu Shrivastava — home"[39m
          [33mclass[39m=[32m"flex items-center gap-2 text-text-primary font-bold text-lg hover:text-accent-blue transition-colors"[39m
          [33mhref[39m=[32m"/"[39m
        [36m>[39m
          [36m<svg[39m
            [33maria-hidden[39m=[32m"true"[39m
            [33mclass[39m=[32m"lucide lucide-code-xml w-5 h-5 text-accent-blue"[39m
            [33mfill[39m=[32m"none"[39m
            [33mheight[39m=[32m"24"[39m
            [33mstroke[39m=[32m"currentColor"[39m
            [33mstroke-linecap[39m=[32m"round"[39m
            [33mstroke-linejoin[39m=[32m"round"[39m
            [33mstroke-width[39m=[32m"2"[39m
            [33mviewBox[39m=[32m"0 0 24 24"[39m
            [33mwidth[39m=[32m"24"[39m
            [33mxmlns[39m=[32m"http://www.w3.org/2000/svg"[39m
          [36m>[39m
            [36m<path[39m
              [33md[39m=[32m"m18 16 4-4-4-4"[39m
            [36m/>[39m
            [36m<path[39m
              [33md[39m=[32m"m6 8-4 4 4 4"[39m
            [36m/>[39m
            [36m<path[39m
              [33md[39m=[32m"m14.5 4-5 16"[39m
            [36m/>[39m
          [36m</svg>[39m
          [36m<span[39m
            [33mclass[39m=[32m"gradient-text"[39m
          [36m>[39m
            [0mHS[0m
          [36m</span>[39m
        [36m</a>[39m
        [36m<ul[39m
          [33mclass[39m=[32m"hidden md:flex items-center gap-6"[39m
          [33mrole[39m=[32m"list"[39m
        [36m>[39m
          [36m<li>[39m
            [36m<a[39m
              [33mclass[39m=[32m"text-sm font-medium transition-colors hover:text-accent-blue text-text-secondary"[39m
              [33mhref[39m=[32m"/blog"[39m
            [36m>[39m
              [0mWriting[0m
            [36m</a>[39m
          [36m</li>[39m
          [36m<li>[39m
            [36m<a[39m
              [33mclass[39m=[32m"text-sm font-medium transition-colors hover:text-accent-blue text-text-secondary"[39m
              [33mhref[39m=[32m"#about"[39m
            [36m>[39m
              [0mAbout[0m
            [36m</a>[39m
          [36m</li>[39m
          [36m<li>[39m
            [36m<a[39m
              [33mclass[39m=[32m"text-sm font-medium transition-colors hover:text-accent-blue text-text-secondary"[39m
              [33mhref[39m=[32m"#experience"[39m
            [36m>[39m
              [0mExperience[0m
            [36m</a>[39m
          [36m</li>[39m
          [36m<li>[39m
            [36m<a[39m
              [33mclass[39m=[32m"text-sm font-medium transition-colors hover:text-accent-blue text-text-secondary"[39m
              [33mhref[39m=[32m"#projects"[39m
            [36m>[39m
              [0mProjects[0m
            [36m</a>[39m
          [36m</li>[39m
          [36m<li>[39m
            [36m<a[39m
              [33mclass[39m=[32m"text-sm font-medium transition-colors hover:text-accent-blue text-text-secondary"[39m
              [33mhref[39m=[32m"#contact"[39m
            [36m>[39m
              [0mContact[0m
            [36m</a>[39m
          [36m</li>[39m
        [36m</ul>[39m
        [36m<button[39m
          [33maria-controls[39m=[32m"mobile-menu"[39m
          [33maria-expanded[39m=[32m"false"[39m
          [33maria-label[39m=[32m"Open menu"[39m
          [33mclass[39m=[32m"md:hidden text-text-secondary hover:text-text-primary transition-colors p-2"[39m
        [36m>[39m
          [36m<svg[39m
            [33maria-hidden[39m=[32m"true"[39m
            [33mclass[39m=[32m"lucide lucide-menu w-5 h-5"[39m
            [33mfill[39m=[32m"none"[39m
            [33mheight[39m=[32m"24"[39m
            [33mstroke[39m=[32m"currentColor"[39m
            [33mstroke-linecap[39m=[32m"round"[39m
            [33mstroke-linejoin[39m=[32m"round"[39m
            [33mstroke-width[39m=[32m"2"[39m
            [33mviewBox[39m=[32m"0 0 24 24"[39m
            [33mwidth[39m=[32m"24"[39m
            [33mxmlns[39m=[32m"http://www.w3.org/2000/svg"[39m
          [36m>[39m
            [36m<path[39m
              [33md[39m=[32m"M4 5h16"[39m
            [36m/>[39m
            [36m<path[39m
              [33md[39m=[32m"M4 12h16"[39m
            [36m/>[39m
            [36m<path[39m
              [33md[39m=[32m"M4 19h16"[39m
            [36m/>[39m
          [36m</svg>[39m
        [36m</button>[39m
      [36m</nav>[39m
    [36m</header>[39m
  [36m</div>[39m
[36m</body>[39m
[90m [2m❯[22m Object.getElementError node_modules/@testing-library/dom/dist/config.js:[2m37:19[22m[39m
[90m [2m❯[22m node_modules/@testing-library/dom/dist/query-helpers.js:[2m76:38[22m[39m
[90m [2m❯[22m node_modules/@testing-library/dom/dist/query-helpers.js:[2m109:15[22m[39m
[36m [2m❯[22m __tests__/components/Navbar.test.tsx:[2m26:30[22m[39m
    [90m 24|[39m   [34mit[39m([32m'renders a Blog link'[39m[33m,[39m () [33m=>[39m {
    [90m 25|[39m     [34mrender[39m([33m<[39m[33mNavbar[39m [33m/[39m[33m>[39m)
    [90m 26|[39m     [35mconst[39m blogLinks [33m=[39m screen[33m.[39m[34mgetAllByRole[39m([32m'link'[39m[33m,[39m { name[33m:[39m [36m/blog/i[39m })
    [90m   |[39m                              [31m^[39m
    [90m 27|[39m     [34mexpect[39m(blogLinks[33m.[39mlength)[33m.[39m[34mtoBeGreaterThan[39m([34m0[39m)
    [90m 28|[39m   })

[31m[2m⎯⎯⎯⎯⎯⎯⎯⎯⎯⎯⎯⎯⎯⎯⎯⎯⎯⎯⎯⎯⎯⎯⎯[4/29]⎯[22m[39m

[41m[1m FAIL [22m[49m __tests__/components/Navbar.test.tsx[2m > [22mNavbar[2m > [22mhides hash links when on the blog page
[31m[1mTestingLibraryElementError[22m[39m: Unable to find an accessible element with the role "link" and name `/blog/i`

Here are the accessible roles:

  progressbar:

  Name "Page scroll progress":
  [36m<div[39m
    [33maria-label[39m=[32m"Page scroll progress"[39m
    [33maria-valuemax[39m=[32m"100"[39m
    [33maria-valuemin[39m=[32m"0"[39m
    [33maria-valuenow[39m=[32m"0"[39m
    [33mclass[39m=[32m"fixed top-0 left-0 h-0.5 bg-gradient-to-r from-accent-blue via-accent-purple to-accent-pink z-50 transition-all duration-100"[39m
    [33mrole[39m=[32m"progressbar"[39m
    [33mstyle[39m=[32m"width: 0%;"[39m
  [36m/>[39m

  --------------------------------------------------
  banner:

  Name "":
  [36m<header[39m
    [33mclass[39m=[32m"fixed top-0 left-0 right-0 z-40 transition-all duration-300 bg-transparent"[39m
    [33mrole[39m=[32m"banner"[39m
  [36m/>[39m

  --------------------------------------------------
  navigation:

  Name "Main navigation":
  [36m<nav[39m
    [33maria-label[39m=[32m"Main navigation"[39m
    [33mclass[39m=[32m"max-w-6xl mx-auto px-4 h-16 flex items-center justify-between"[39m
  [36m/>[39m

  --------------------------------------------------
  link:

  Name "Himanshu Shrivastava — home":
  [36m<a[39m
    [33maria-label[39m=[32m"Himanshu Shrivastava — home"[39m
    [33mclass[39m=[32m"flex items-center gap-2 text-text-primary font-bold text-lg hover:text-accent-blue transition-colors"[39m
    [33mhref[39m=[32m"/"[39m
  [36m/>[39m

  Name "Writing":
  [36m<a[39m
    [33maria-current[39m=[32m"page"[39m
    [33mclass[39m=[32m"text-sm font-medium transition-colors hover:text-accent-blue text-accent-blue"[39m
    [33mhref[39m=[32m"/blog"[39m
  [36m/>[39m

  --------------------------------------------------
  list:

  Name "":
  [36m<ul[39m
    [33mclass[39m=[32m"hidden md:flex items-center gap-6"[39m
    [33mrole[39m=[32m"list"[39m
  [36m/>[39m

  --------------------------------------------------
  listitem:

  Name "":
  [36m<li />[39m

  --------------------------------------------------
  button:

  Name "Open menu":
  [36m<button[39m
    [33maria-controls[39m=[32m"mobile-menu"[39m
    [33maria-expanded[39m=[32m"false"[39m
    [33maria-label[39m=[32m"Open menu"[39m
    [33mclass[39m=[32m"md:hidden text-text-secondary hover:text-text-primary transition-colors p-2"[39m
  [36m/>[39m

  --------------------------------------------------

Ignored nodes: comments, script, style
[36m<body>[39m
  [36m<div>[39m
    [36m<div[39m
      [33maria-label[39m=[32m"Page scroll progress"[39m
      [33maria-valuemax[39m=[32m"100"[39m
      [33maria-valuemin[39m=[32m"0"[39m
      [33maria-valuenow[39m=[32m"0"[39m
      [33mclass[39m=[32m"fixed top-0 left-0 h-0.5 bg-gradient-to-r from-accent-blue via-accent-purple to-accent-pink z-50 transition-all duration-100"[39m
      [33mrole[39m=[32m"progressbar"[39m
      [33mstyle[39m=[32m"width: 0%;"[39m
    [36m/>[39m
    [36m<header[39m
      [33mclass[39m=[32m"fixed top-0 left-0 right-0 z-40 transition-all duration-300 bg-transparent"[39m
      [33mrole[39m=[32m"banner"[39m
    [36m>[39m
      [36m<nav[39m
        [33maria-label[39m=[32m"Main navigation"[39m
        [33mclass[39m=[32m"max-w-6xl mx-auto px-4 h-16 flex items-center justify-between"[39m
      [36m>[39m
        [36m<a[39m
          [33maria-label[39m=[32m"Himanshu Shrivastava — home"[39m
          [33mclass[39m=[32m"flex items-center gap-2 text-text-primary font-bold text-lg hover:text-accent-blue transition-colors"[39m
          [33mhref[39m=[32m"/"[39m
        [36m>[39m
          [36m<svg[39m
            [33maria-hidden[39m=[32m"true"[39m
            [33mclass[39m=[32m"lucide lucide-code-xml w-5 h-5 text-accent-blue"[39m
            [33mfill[39m=[32m"none"[39m
            [33mheight[39m=[32m"24"[39m
            [33mstroke[39m=[32m"currentColor"[39m
            [33mstroke-linecap[39m=[32m"round"[39m
            [33mstroke-linejoin[39m=[32m"round"[39m
            [33mstroke-width[39m=[32m"2"[39m
            [33mviewBox[39m=[32m"0 0 24 24"[39m
            [33mwidth[39m=[32m"24"[39m
            [33mxmlns[39m=[32m"http://www.w3.org/2000/svg"[39m
          [36m>[39m
            [36m<path[39m
              [33md[39m=[32m"m18 16 4-4-4-4"[39m
            [36m/>[39m
            [36m<path[39m
              [33md[39m=[32m"m6 8-4 4 4 4"[39m
            [36m/>[39m
            [36m<path[39m
              [33md[39m=[32m"m14.5 4-5 16"[39m
            [36m/>[39m
          [36m</svg>[39m
          [36m<span[39m
            [33mclass[39m=[32m"gradient-text"[39m
          [36m>[39m
            [0mHS[0m
          [36m</span>[39m
        [36m</a>[39m
        [36m<ul[39m
          [33mclass[39m=[32m"hidden md:flex items-center gap-6"[39m
          [33mrole[39m=[32m"list"[39m
        [36m>[39m
          [36m<li>[39m
            [36m<a[39m
              [33maria-current[39m=[32m"page"[39m
              [33mclass[39m=[32m"text-sm font-medium transition-colors hover:text-accent-blue text-accent-blue"[39m
              [33mhref[39m=[32m"/blog"[39m
            [36m>[39m
              [0mWriting[0m
            [36m</a>[39m
          [36m</li>[39m
        [36m</ul>[39m
        [36m<button[39m
          [33maria-controls[39m=[32m"mobile-menu"[39m
          [33maria-expanded[39m=[32m"false"[39m
          [33maria-label[39m=[32m"Open menu"[39m
          [33mclass[39m=[32m"md:hidden text-text-secondary hover:text-text-primary transition-colors p-2"[39m
        [36m>[39m
          [36m<svg[39m
            [33maria-hidden[39m=[32m"true"[39m
            [33mclass[39m=[32m"lucide lucide-menu w-5 h-5"[39m
            [33mfill[39m=[32m"none"[39m
            [33mheight[39m=[32m"24"[39m
            [33mstroke[39m=[32m"currentColor"[39m
            [33mstroke-linecap[39m=[32m"round"[39m
            [33mstroke-linejoin[39m=[32m"round"[39m
            [33mstroke-width[39m=[32m"2"[39m
            [33mviewBox[39m=[32m"0 0 24 24"[39m
            [33mwidth[39m=[32m"24"[39m
            [33mxmlns[39m=[32m"http://www.w3.org/2000/svg"[39m
          [36m>[39m
            [36m<path[39m
              [33md[39m=[32m"M4 5h16"[39m
            [36m/>[39m
            [36m<path[39m
              [33md[39m=[32m"M4 12h16"[39m
            [36m/>[39m
            [36m<path[39m
              [33md[39m=[32m"M4 19h16"[39m
            [36m/>[39m
          [36m</svg>[39m
        [36m</button>[39m
      [36m</nav>[39m
    [36m</header>[39m
  [36m</div>[39m
[36m</body>[39m
[90m [2m❯[22m Object.getElementError node_modules/@testing-library/dom/dist/config.js:[2m37:19[22m[39m
[90m [2m❯[22m node_modules/@testing-library/dom/dist/query-helpers.js:[2m76:38[22m[39m
[90m [2m❯[22m node_modules/@testing-library/dom/dist/query-helpers.js:[2m109:15[22m[39m
[36m [2m❯[22m __tests__/components/Navbar.test.tsx:[2m112:30[22m[39m
    [90m110|[39m
    [90m111|[39m     [90m// Blog link should still be present[39m
    [90m112|[39m     [35mconst[39m blogLinks [33m=[39m screen[33m.[39m[34mgetAllByRole[39m([32m'link'[39m[33m,[39m { name[33m:[39m [36m/blog/i[39m })
    [90m   |[39m                              [31m^[39m
    [90m113|[39m     [34mexpect[39m(blogLinks[33m.[39mlength)[33m.[39m[34mtoBeGreaterThan[39m([34m0[39m)
    [90m114|[39m     vi[33m.[39m[34mmocked[39m(usePathname)[33m.[39m[34mmockRestore[39m()

[31m[2m⎯⎯⎯⎯⎯⎯⎯⎯⎯⎯⎯⎯⎯⎯⎯⎯⎯⎯⎯⎯⎯⎯⎯[5/29]⎯[22m[39m

[41m[1m FAIL [22m[49m __tests__/components/ShareBar.test.tsx[2m > [22mShareBar[2m > [22mrenders Share label
[41m[1m FAIL [22m[49m __tests__/components/ShareBar.test.tsx[2m > [22mShareBar[2m > [22mrenders Twitter share link
[41m[1m FAIL [22m[49m __tests__/components/ShareBar.test.tsx[2m > [22mShareBar[2m > [22mrenders LinkedIn share link
[41m[1m FAIL [22m[49m __tests__/components/ShareBar.test.tsx[2m > [22mShareBar[2m > [22mrenders Copy Link button
[41m[1m FAIL [22m[49m __tests__/components/ShareBar.test.tsx[2m > [22mShareBar[2m > [22mcopies link to clipboard on click
[41m[1m FAIL [22m[49m __tests__/components/ShareBar.test.tsx[2m > [22mShareBar[2m > [22mshows Copied! after clicking copy
[41m[1m FAIL [22m[49m __tests__/components/ShareBar.test.tsx[2m > [22mShareBar[2m > [22mencodes title and URL in share links
[41m[1m FAIL [22m[49m __tests__/app/blog/slug.test.tsx[2m > [22mBlogPostPage[2m > [22mrenders the post title
[41m[1m FAIL [22m[49m __tests__/app/blog/slug.test.tsx[2m > [22mBlogPostPage[2m > [22mrenders the MDX content
[41m[1m FAIL [22m[49m __tests__/app/blog/slug.test.tsx[2m > [22mBlogPostPage[2m > [22mrenders the post tags
[41m[1m FAIL [22m[49m __tests__/app/blog/slug.test.tsx[2m > [22mBlogPostPage[2m > [22mrenders the read time
[41m[1m FAIL [22m[49m __tests__/app/blog/slug.test.tsx[2m > [22mBlogPostPage[2m > [22mrenders back to all posts link
[41m[1m FAIL [22m[49m __tests__/app/blog/slug.test.tsx[2m > [22mBlogPostPage[2m > [22mrenders cover image when provided
[41m[1m FAIL [22m[49m __tests__/app/blog/slug.test.tsx[2m > [22mBlogPostPage[2m > [22mrenders related posts when available
[41m[1m FAIL [22m[49m __tests__/app/blog/slug.test.tsx[2m > [22mBlogPostPage[2m > [22mrenders custom image elements inside MDXRemote with correct paths
[41m[1m FAIL [22m[49m __tests__/app/blog/slug.test.tsx[2m > [22mBlogPostPage[2m > [22mrenders author card at the bottom
[41m[1m FAIL [22m[49m __tests__/app/blog/slug.test.tsx[2m > [22mBlogPostPage[2m > [22mrenders share bar
[41m[1m FAIL [22m[49m __tests__/app/blog/slug.test.tsx[2m > [22mBlogPostPage[2m > [22mrenders series navigation when post is part of a series
[31m[1mError[22m: Element type is invalid: expected a string (for built-in components) or a class/function (for composite components) but got: undefined. You likely forgot to export your component from the file it's defined in, or you might have mixed up default and named imports.

Check the render method of `ShareBar`.[39m
[90m [2m❯[22m createFiberFromTypeAndProps node_modules/react-dom/cjs/react-dom-client.development.js:[2m5021:28[22m[39m
[90m [2m❯[22m createFiberFromElement node_modules/react-dom/cjs/react-dom-client.development.js:[2m5035:14[22m[39m
[90m [2m❯[22m createChild node_modules/react-dom/cjs/react-dom-client.development.js:[2m6338:26[22m[39m
[90m [2m❯[22m reconcileChildrenArray node_modules/react-dom/cjs/react-dom-client.development.js:[2m6670:25[22m[39m
[90m [2m❯[22m reconcileChildFibersImpl node_modules/react-dom/cjs/react-dom-client.development.js:[2m6993:30[22m[39m
[90m [2m❯[22m node_modules/react-dom/cjs/react-dom-client.development.js:[2m7098:33[22m[39m
[90m [2m❯[22m reconcileChildren node_modules/react-dom/cjs/react-dom-client.development.js:[2m9701:13[22m[39m
[90m [2m❯[22m beginWork node_modules/react-dom/cjs/react-dom-client.development.js:[2m12049:13[22m[39m
[90m [2m❯[22m runWithFiberInDEV node_modules/react-dom/cjs/react-dom-client.development.js:[2m874:13[22m[39m
[90m [2m❯[22m performUnitOfWork node_modules/react-dom/cjs/react-dom-client.development.js:[2m17641:22[22m[39m

[31m[2m⎯⎯⎯⎯⎯⎯⎯⎯⎯⎯⎯⎯⎯⎯⎯⎯⎯⎯⎯⎯⎯⎯⎯[6/29]⎯[22m[39m

[41m[1m FAIL [22m[49m __tests__/components/TableOfContents.test.tsx[2m > [22mTableOfContents[2m > [22mrenders nothing if less than 2 headings
[41m[1m FAIL [22m[49m __tests__/components/TableOfContents.test.tsx[2m > [22mTableOfContents[2m > [22mrenders headings from the article
[41m[1m FAIL [22m[49m __tests__/components/TableOfContents.test.tsx[2m > [22mTableOfContents[2m > [22madds auto-generated ids if missing
[41m[1m FAIL [22m[49m __tests__/components/TableOfContents.test.tsx[2m > [22mTableOfContents[2m > [22mrenders mobile toggle button
[41m[1m FAIL [22m[49m __tests__/components/TableOfContents.test.tsx[2m > [22mTableOfContents[2m > [22mtoggles TOC on mobile
[31m[1mTypeError[22m: Cannot use `mockReturnValue` when called with `new`. Use `mockImplementation` with a `class` keyword instead. See https://vitest.dev/api/mock#class-support for more information.[39m
[36m [2m❯[22m components/TableOfContents.tsx:[2m41:27[22m[39m
    [90m 39|[39m
    [90m 40|[39m     [90m// Set up intersection observer for scroll-spy[39m
    [90m 41|[39m     observerRef[33m.[39mcurrent [33m=[39m [35mnew[39m [33mIntersectionObserver[39m(
    [90m   |[39m                           [31m^[39m
    [90m 42|[39m       (entries) [33m=>[39m {
    [90m 43|[39m         entries[33m.[39m[34mforEach[39m((entry) [33m=>[39m {
[90m [2m❯[22m Object.react_stack_bottom_frame node_modules/react-dom/cjs/react-dom-client.development.js:[2m25989:20[22m[39m
[90m [2m❯[22m runWithFiberInDEV node_modules/react-dom/cjs/react-dom-client.development.js:[2m874:13[22m[39m
[90m [2m❯[22m commitHookEffectListMount node_modules/react-dom/cjs/react-dom-client.development.js:[2m13249:29[22m[39m
[90m [2m❯[22m commitHookPassiveMountEffects node_modules/react-dom/cjs/react-dom-client.development.js:[2m13336:11[22m[39m
[90m [2m❯[22m commitPassiveMountOnFiber node_modules/react-dom/cjs/react-dom-client.development.js:[2m15484:13[22m[39m
[90m [2m❯[22m recursivelyTraversePassiveMountEffects node_modules/react-dom/cjs/react-dom-client.development.js:[2m15439:11[22m[39m

[31m[2m⎯⎯⎯⎯⎯⎯⎯⎯⎯⎯⎯⎯⎯⎯⎯⎯⎯⎯⎯⎯⎯⎯⎯[7/29]⎯[22m[39m

[41m[1m FAIL [22m[49m __tests__/lib/constants.test.ts[2m > [22mnavLinks[2m > [22mcontains a Blog link
[31m[1mAssertionError[22m: expected undefined to be defined[39m
[36m [2m❯[22m __tests__/lib/constants.test.ts:[2m189:22[22m[39m
    [90m187|[39m   [34mit[39m([32m'contains a Blog link'[39m[33m,[39m () [33m=>[39m {
    [90m188|[39m     [35mconst[39m blogLink [33m=[39m navLinks[33m.[39m[34mfind[39m((l) [33m=>[39m l[33m.[39mlabel [33m===[39m [32m'Blog'[39m)
    [90m189|[39m     [34mexpect[39m(blogLink)[33m.[39m[34mtoBeDefined[39m()
    [90m   |[39m                      [31m^[39m
    [90m190|[39m     [34mexpect[39m(blogLink[33m?.[39mhref)[33m.[39m[34mtoBe[39m([32m'/blog'[39m)
    [90m191|[39m   })

[31m[2m⎯⎯⎯⎯⎯⎯⎯⎯⎯⎯⎯⎯⎯⎯⎯⎯⎯⎯⎯⎯⎯⎯⎯[8/29]⎯[22m[39m


[2m Test Files [22m [1m[31m7 failed[39m[22m[2m | [22m[1m[32m15 passed[39m[22m[90m (22)[39m
[2m      Tests [22m [1m[31m29 failed[39m[22m[2m | [22m[1m[32m206 passed[39m[22m[90m (235)[39m
[2m   Start at [22m 17:17:41
[2m   Duration [22m 4.24s[2m (transform 1.28s, setup 1.29s, import 4.07s, tests 4.58s, environment 12.09s)[22m

